../Core/Src/main.c:90:6:PCA9685_SetBit	40	static
../Core/Src/main.c:102:6:PCA9685_SetPWMFrequency	40	static
../Core/Src/main.c:117:6:PCA9685_Init	16	static
../Core/Src/main.c:123:6:PCA9685_SetPWM	40	static
../Core/Src/main.c:137:6:PCA9685_SetServoAngle	24	static
../Core/Src/main.c:172:6:IK	56	static
../Core/Src/main.c:199:6:Moving_xz	128	static
../Core/Src/main.c:265:6:L2Pos	40	static
../Core/Src/main.c:278:6:idle	24	static
../Core/Src/main.c:298:5:main	16	static
../Core/Src/main.c:394:6:SystemClock_Config	72	static
../Core/Src/main.c:431:13:MX_I2C1_Init	8	static
../Core/Src/main.c:465:13:MX_TIM2_Init	48	static
../Core/Src/main.c:518:13:MX_GPIO_Init	24	static
../Core/Src/main.c:541:6:Error_Handler	4	static,ignoring_inline_asm
